<?xml version="1.0" encoding="UTF-8"?>
<testng-results ignored="0" total="4" passed="4" failed="0" skipped="0">
  <reporter-output>
  </reporter-output>
  <suite started-at="2024-05-31T15:25:30 IST" name="Test case suite QTrip application" finished-at="2024-05-31T15:25:43 IST" duration-ms="13715">
    <groups>
      <group name="API Tests">
        <method signature="testCase_API_01.register_New_User_Test()[pri:0, instance:qtriptest.APITests.testCase_API_01@6f01b95f]" name="register_New_User_Test" class="qtriptest.APITests.testCase_API_01"/>
        <method signature="testCase_API_02.getSearchedCitiesAndCheckFailedResponses()[pri:0, instance:qtriptest.APITests.testCase_API_02@3de8f619]" name="getSearchedCitiesAndCheckFailedResponses" class="qtriptest.APITests.testCase_API_02"/>
        <method signature="testCase_API_04.registerUserAndCheckDuplicate()[pri:0, instance:qtriptest.APITests.testCase_API_04@4e5ed836]" name="registerUserAndCheckDuplicate" class="qtriptest.APITests.testCase_API_04"/>
        <method signature="testCase_API_03.newRegisterUser()[pri:1, instance:qtriptest.APITests.testCase_API_03@2ab4bc72]" name="newRegisterUser" class="qtriptest.APITests.testCase_API_03"/>
      </group> <!-- API Tests -->
    </groups>
    <test started-at="2024-05-31T15:25:30 IST" name="API Tests Group" finished-at="2024-05-31T15:25:43 IST" duration-ms="13715">
      <class name="qtriptest.APITests.testCase_API_01">
        <test-method signature="register_New_User_Test()[pri:0, instance:qtriptest.APITests.testCase_API_01@6f01b95f]" started-at="2024-05-31T15:25:30 IST" name="register_New_User_Test" finished-at="2024-05-31T15:25:34 IST" duration-ms="4457" status="PASS">
          <reporter-output>
          </reporter-output>
        </test-method> <!-- register_New_User_Test -->
      </class> <!-- qtriptest.APITests.testCase_API_01 -->
      <class name="qtriptest.APITests.testCase_API_02">
        <test-method signature="getSearchedCitiesAndCheckFailedResponses()[pri:0, instance:qtriptest.APITests.testCase_API_02@3de8f619]" started-at="2024-05-31T15:25:34 IST" name="getSearchedCitiesAndCheckFailedResponses" finished-at="2024-05-31T15:25:35 IST" duration-ms="1126" status="PASS">
          <reporter-output>
          </reporter-output>
        </test-method> <!-- getSearchedCitiesAndCheckFailedResponses -->
      </class> <!-- qtriptest.APITests.testCase_API_02 -->
      <class name="qtriptest.APITests.testCase_API_03">
        <test-method signature="newRegisterUser()[pri:1, instance:qtriptest.APITests.testCase_API_03@2ab4bc72]" started-at="2024-05-31T15:25:35 IST" name="newRegisterUser" finished-at="2024-05-31T15:25:41 IST" duration-ms="5732" status="PASS">
          <reporter-output>
          </reporter-output>
        </test-method> <!-- newRegisterUser -->
      </class> <!-- qtriptest.APITests.testCase_API_03 -->
      <class name="qtriptest.APITests.testCase_API_04">
        <test-method signature="registerUserAndCheckDuplicate()[pri:0, instance:qtriptest.APITests.testCase_API_04@4e5ed836]" started-at="2024-05-31T15:25:41 IST" name="registerUserAndCheckDuplicate" finished-at="2024-05-31T15:25:43 IST" duration-ms="2277" status="PASS">
          <reporter-output>
          </reporter-output>
        </test-method> <!-- registerUserAndCheckDuplicate -->
      </class> <!-- qtriptest.APITests.testCase_API_04 -->
    </test> <!-- API Tests Group -->
  </suite> <!-- Test case suite QTrip application -->
</testng-results>
